../Core/Src/main.c:93:6:display_welcome_screen	8	static
../Core/Src/main.c:101:6:reset_password_entry	8	static
../Core/Src/main.c:111:5:main	16	static
../Core/Src/main.c:441:6:SystemClock_Config	72	static
../Core/Src/main.c:481:13:MX_I2C2_Init	8	static
../Core/Src/main.c:515:13:MX_SPI1_Init	8	static
../Core/Src/main.c:553:13:MX_USART1_UART_Init	8	static
../Core/Src/main.c:586:13:MX_USART2_UART_Init	8	static
../Core/Src/main.c:619:13:MX_GPIO_Init	40	static
../Core/Src/main.c:673:6:Error_Handler	4	static,ignoring_inline_asm
